Script started on Sun 21 Mar 2021 10:32:06 PM EDT
[aprevil@sol25 ~]$ git clone https://github.com/aprevil/3140-repo.git
Cloning into '3140-repo'...
remote: Enumerating objects: 146, done.[K
remote: Counting objects:   0% (1/146)[Kremote: Counting objects:   1% (2/146)[Kremote: Counting objects:   2% (3/146)[Kremote: Counting objects:   3% (5/146)[Kremote: Counting objects:   4% (6/146)[Kremote: Counting objects:   5% (8/146)[Kremote: Counting objects:   6% (9/146)[Kremote: Counting objects:   7% (11/146)[Kremote: Counting objects:   8% (12/146)[Kremote: Counting objects:   9% (14/146)[Kremote: Counting objects:  10% (15/146)[Kremote: Counting objects:  11% (17/146)[Kremote: Counting objects:  12% (18/146)[Kremote: Counting objects:  13% (19/146)[Kremote: Counting objects:  14% (21/146)[Kremote: Counting objects:  15% (22/146)[Kremote: Counting objects:  16% (24/146)[Kremote: Counting objects:  17% (25/146)[Kremote: Counting objects:  18% (27/146)[Kremote: Counting objects:  19% (28/146)[Kremote: Counting objects:  20% (30/146)[Kremote: Counting objects:  21% (31/146)[Kremote: Counting objects:  22% (33/146)[Kremote: Counting objects:  23% (34/146)[Kremote: Counting objects:  24% (36/146)[Kremote: Counting objects:  25% (37/146)[Kremote: Counting objects:  26% (38/146)[Kremote: Counting objects:  27% (40/146)[Kremote: Counting objects:  28% (41/146)[Kremote: Counting objects:  29% (43/146)[Kremote: Counting objects:  30% (44/146)[Kremote: Counting objects:  31% (46/146)[Kremote: Counting objects:  32% (47/146)[Kremote: Counting objects:  33% (49/146)[Kremote: Counting objects:  34% (50/146)[Kremote: Counting objects:  35% (52/146)[Kremote: Counting objects:  36% (53/146)[Kremote: Counting objects:  37% (55/146)[Kremote: Counting objects:  38% (56/146)[Kremote: Counting objects:  39% (57/146)[Kremote: Counting objects:  40% (59/146)[Kremote: Counting objects:  41% (60/146)[Kremote: Counting objects:  42% (62/146)[Kremote: Counting objects:  43% (63/146)[Kremote: Counting objects:  44% (65/146)[Kremote: Counting objects:  45% (66/146)[Kremote: Counting objects:  46% (68/146)[Kremote: Counting objects:  47% (69/146)[Kremote: Counting objects:  48% (71/146)[Kremote: Counting objects:  49% (72/146)[Kremote: Counting objects:  50% (73/146)[Kremote: Counting objects:  51% (75/146)[Kremote: Counting objects:  52% (76/146)[Kremote: Counting objects:  53% (78/146)[Kremote: Counting objects:  54% (79/146)[Kremote: Counting objects:  55% (81/146)[Kremote: Counting objects:  56% (82/146)[Kremote: Counting objects:  57% (84/146)[Kremote: Counting objects:  58% (85/146)[Kremote: Counting objects:  59% (87/146)[Kremote: Counting objects:  60% (88/146)[Kremote: Counting objects:  61% (90/146)[Kremote: Counting objects:  62% (91/146)[Kremote: Counting objects:  63% (92/146)[Kremote: Counting objects:  64% (94/146)[Kremote: Counting objects:  65% (95/146)[Kremote: Counting objects:  66% (97/146)[Kremote: Counting objects:  67% (98/146)[Kremote: Counting objects:  68% (100/146)[Kremote: Counting objects:  69% (101/146)[Kremote: Counting objects:  70% (103/146)[Kremote: Counting objects:  71% (104/146)[Kremote: Counting objects:  72% (106/146)[Kremote: Counting objects:  73% (107/146)[Kremote: Counting objects:  74% (109/146)[Kremote: Counting objects:  75% (110/146)[Kremote: Counting objects:  76% (111/146)[Kremote: Counting objects:  77% (113/146)[Kremote: Counting objects:  78% (114/146)[Kremote: Counting objects:  79% (116/146)[Kremote: Counting objects:  80% (117/146)[Kremote: Counting objects:  81% (119/146)[Kremote: Counting objects:  82% (120/146)[Kremote: Counting objects:  83% (122/146)[Kremote: Counting objects:  84% (123/146)[Kremote: Counting objects:  85% (125/146)[Kremote: Counting objects:  86% (126/146)[Kremote: Counting objects:  87% (128/146)[Kremote: Counting objects:  88% (129/146)[Kremote: Counting objects:  89% (130/146)[Kremote: Counting objects:  90% (132/146)[Kremote: Counting objects:  91% (133/146)[Kremote: Counting objects:  92% (135/146)[Kremote: Counting objects:  93% (136/146)[Kremote: Counting objects:  94% (138/146)[Kremote: Counting objects:  95% (139/146)[Kremote: Counting objects:  96% (141/146)[Kremote: Counting objects:  97% (142/146)[Kremote: Counting objects:  98% (144/146)[Kremote: Counting objects:  99% (145/146)[Kremote: Counting objects: 100% (146/146)[Kremote: Counting objects: 100% (146/146), done.[K
remote: Compressing objects:   0% (1/110)[Kremote: Compressing objects:   1% (2/110)[Kremote: Compressing objects:   2% (3/110)[Kremote: Compressing objects:   3% (4/110)[Kremote: Compressing objects:   4% (5/110)[Kremote: Compressing objects:   5% (6/110)[Kremote: Compressing objects:   6% (7/110)[Kremote: Compressing objects:   7% (8/110)[Kremote: Compressing objects:   8% (9/110)[Kremote: Compressing objects:   9% (10/110)[Kremote: Compressing objects:  10% (11/110)[Kremote: Compressing objects:  11% (13/110)[Kremote: Compressing objects:  12% (14/110)[Kremote: Compressing objects:  13% (15/110)[Kremote: Compressing objects:  14% (16/110)[Kremote: Compressing objects:  15% (17/110)[Kremote: Compressing objects:  16% (18/110)[Kremote: Compressing objects:  17% (19/110)[Kremote: Compressing objects:  18% (20/110)[Kremote: Compressing objects:  19% (21/110)[Kremote: Compressing objects:  20% (22/110)[Kremote: Compressing objects:  21% (24/110)[Kremote: Compressing objects:  22% (25/110)[Kremote: Compressing objects:  23% (26/110)[Kremote: Compressing objects:  24% (27/110)[Kremote: Compressing objects:  25% (28/110)[Kremote: Compressing objects:  26% (29/110)[Kremote: Compressing objects:  27% (30/110)[Kremote: Compressing objects:  28% (31/110)[Kremote: Compressing objects:  29% (32/110)[Kremote: Compressing objects:  30% (33/110)[Kremote: Compressing objects:  31% (35/110)[Kremote: Compressing objects:  32% (36/110)[Kremote: Compressing objects:  33% (37/110)[Kremote: Compressing objects:  34% (38/110)[Kremote: Compressing objects:  35% (39/110)[Kremote: Compressing objects:  36% (40/110)[Kremote: Compressing objects:  37% (41/110)[Kremote: Compressing objects:  38% (42/110)[Kremote: Compressing objects:  39% (43/110)[Kremote: Compressing objects:  40% (44/110)[Kremote: Compressing objects:  41% (46/110)[Kremote: Compressing objects:  42% (47/110)[Kremote: Compressing objects:  43% (48/110)[Kremote: Compressing objects:  44% (49/110)[Kremote: Compressing objects:  45% (50/110)[Kremote: Compressing objects:  46% (51/110)[Kremote: Compressing objects:  47% (52/110)[Kremote: Compressing objects:  48% (53/110)[Kremote: Compressing objects:  49% (54/110)[Kremote: Compressing objects:  50% (55/110)[Kremote: Compressing objects:  51% (57/110)[Kremote: Compressing objects:  52% (58/110)[Kremote: Compressing objects:  53% (59/110)[Kremote: Compressing objects:  54% (60/110)[Kremote: Compressing objects:  55% (61/110)[Kremote: Compressing objects:  56% (62/110)[Kremote: Compressing objects:  57% (63/110)[Kremote: Compressing objects:  58% (64/110)[Kremote: Compressing objects:  59% (65/110)[Kremote: Compressing objects:  60% (66/110)[Kremote: Compressing objects:  61% (68/110)[Kremote: Compressing objects:  62% (69/110)[Kremote: Compressing objects:  63% (70/110)[Kremote: Compressing objects:  64% (71/110)[Kremote: Compressing objects:  65% (72/110)[Kremote: Compressing objects:  66% (73/110)[Kremote: Compressing objects:  67% (74/110)[Kremote: Compressing objects:  68% (75/110)[Kremote: Compressing objects:  69% (76/110)[Kremote: Compressing objects:  70% (77/110)[Kremote: Compressing objects:  71% (79/110)[Kremote: Compressing objects:  72% (80/110)[Kremote: Compressing objects:  73% (81/110)[Kremote: Compressing objects:  74% (82/110)[Kremote: Compressing objects:  75% (83/110)[Kremote: Compressing objects:  76% (84/110)[Kremote: Compressing objects:  77% (85/110)[Kremote: Compressing objects:  78% (86/110)[Kremote: Compressing objects:  79% (87/110)[Kremote: Compressing objects:  80% (88/110)[Kremote: Compressing objects:  81% (90/110)[Kremote: Compressing objects:  82% (91/110)[Kremote: Compressing objects:  83% (92/110)[Kremote: Compressing objects:  84% (93/110)[Kremote: Compressing objects:  85% (94/110)[Kremote: Compressing objects:  86% (95/110)[Kremote: Compressing objects:  87% (96/110)[Kremote: Compressing objects:  88% (97/110)[Kremote: Compressing objects:  89% (98/110)[Kremote: Compressing objects:  90% (99/110)[Kremote: Compressing objects:  91% (101/110)[Kremote: Compressing objects:  92% (102/110)[Kremote: Compressing objects:  93% (103/110)[Kremote: Compressing objects:  94% (104/110)[Kremote: Compressing objects:  95% (105/110)[Kremote: Compressing objects:  96% (106/110)[Kremote: Compressing objects:  97% (107/110)[Kremote: Compressing objects:  98% (108/110)[Kremote: Compressing objects:  99% (109/110)[Kremote: Compressing objects: 100% (110/110)[Kremote: Compressing objects: 100% (110/110), done.[K
Receiving objects:   0% (1/146)   Receiving objects:   1% (2/146)   Receiving objects:   2% (3/146)   Receiving objects:   3% (5/146)   Receiving objects:   4% (6/146)   Receiving objects:   5% (8/146)   Receiving objects:   6% (9/146)   Receiving objects:   7% (11/146)   Receiving objects:   8% (12/146)   Receiving objects:   9% (14/146)   Receiving objects:  10% (15/146)   Receiving objects:  11% (17/146)   Receiving objects:  12% (18/146)   Receiving objects:  13% (19/146)   Receiving objects:  14% (21/146)   Receiving objects:  15% (22/146)   Receiving objects:  16% (24/146)   Receiving objects:  17% (25/146)   Receiving objects:  18% (27/146)   Receiving objects:  19% (28/146)   Receiving objects:  20% (30/146)   Receiving objects:  21% (31/146)   Receiving objects:  22% (33/146)   Receiving objects:  23% (34/146)   Receiving objects:  24% (36/146)   Receiving objects:  25% (37/146)   Receiving objects:  26% (38/146)   Receiving objects:  27% (40/146)   Receiving objects:  28% (41/146)   Receiving objects:  29% (43/146)   Receiving objects:  30% (44/146)   Receiving objects:  31% (46/146)   Receiving objects:  32% (47/146)   Receiving objects:  33% (49/146)   Receiving objects:  34% (50/146)   Receiving objects:  35% (52/146)   Receiving objects:  36% (53/146)   Receiving objects:  37% (55/146)   Receiving objects:  38% (56/146)   Receiving objects:  39% (57/146)   Receiving objects:  40% (59/146)   Receiving objects:  41% (60/146)   remote: Total 146 (delta 54), reused 109 (delta 26), pack-reused 0[K
Receiving objects:  42% (62/146)   Receiving objects:  43% (63/146)   Receiving objects:  44% (65/146)   Receiving objects:  45% (66/146)   Receiving objects:  46% (68/146)   Receiving objects:  47% (69/146)   Receiving objects:  48% (71/146)   Receiving objects:  49% (72/146)   Receiving objects:  50% (73/146)   Receiving objects:  51% (75/146)   Receiving objects:  52% (76/146)   Receiving objects:  53% (78/146)   Receiving objects:  54% (79/146)   Receiving objects:  55% (81/146)   Receiving objects:  56% (82/146)   Receiving objects:  57% (84/146)   Receiving objects:  58% (85/146)   Receiving objects:  59% (87/146)   Receiving objects:  60% (88/146)   Receiving objects:  61% (90/146)   Receiving objects:  62% (91/146)   Receiving objects:  63% (92/146)   Receiving objects:  64% (94/146)   Receiving objects:  65% (95/146)   Receiving objects:  66% (97/146)   Receiving objects:  67% (98/146)   Receiving objects:  68% (100/146)   Receiving objects:  69% (101/146)   Receiving objects:  70% (103/146)   Receiving objects:  71% (104/146)   Receiving objects:  72% (106/146)   Receiving objects:  73% (107/146)   Receiving objects:  74% (109/146)   Receiving objects:  75% (110/146)   Receiving objects:  76% (111/146)   Receiving objects:  77% (113/146)   Receiving objects:  78% (114/146)   Receiving objects:  79% (116/146)   Receiving objects:  80% (117/146)   Receiving objects:  81% (119/146)   Receiving objects:  82% (120/146)   Receiving objects:  83% (122/146)   Receiving objects:  84% (123/146)   Receiving objects:  85% (125/146)   Receiving objects:  86% (126/146)   Receiving objects:  87% (128/146)   Receiving objects:  88% (129/146)   Receiving objects:  89% (130/146)   Receiving objects:  90% (132/146)   Receiving objects:  91% (133/146)   Receiving objects:  92% (135/146)   Receiving objects:  93% (136/146)   Receiving objects:  94% (138/146)   Receiving objects:  95% (139/146)   Receiving objects:  96% (141/146)   Receiving objects:  97% (142/146)   Receiving objects:  98% (144/146)   Receiving objects:  99% (145/146)   Receiving objects: 100% (146/146)   Receiving objects: 100% (146/146), 699.56 KiB | 0 bytes/s, done.
Resolving deltas:   0% (0/54)   Resolving deltas:   1% (1/54)   Resolving deltas:  22% (12/54)   Resolving deltas:  27% (15/54)   Resolving deltas:  33% (18/54)   Resolving deltas:  38% (21/54)   Resolving deltas:  66% (36/54)   Resolving deltas:  72% (39/54)   Resolving deltas:  87% (47/54)   Resolving deltas:  90% (49/54)   Resolving deltas:  92% (50/54)   Resolving deltas: 100% (54/54)   Resolving deltas: 100% (54/54), done.
[aprevil@sol25 ~]$ cd 3140-repo
[aprevil@sol25 3140-repo]$ ls
CHANGELOG  [0m[01;34mLab0[0m  [01;34mLab1[0m  [01;34mLab2[0m  [01;34mLab3[0m  [01;34mLab4[0m  [01;34mLab5[0m  README.md  TODO.md
[aprevil@sol25 3140-repo]$ mkdir Lab5[K6
[aprevil@sol25 3140-repo]$ cd lab6
bash: cd: lab6: No such file or directory
[aprevil@sol25 3140-repo]$ cd Lab5[K6
[aprevil@sol25 Lab6]$ mkdir task1
[aprevil@sol25 Lab6]$ cd task1
[aprevil@sol25 task1]$ vi hello.java[K[K[K[K[K[K[K[K[K[KHelloWorld.java[K[K[K[K[K[K[K[K[K[K[K[K[K[K[K[K[Kim HelloWorld.a[Kjava
[?1h=[1;24r[m[m[0m[H[J[24;1H"HelloWorld.java" [New File][2;1H[1m~
~
~
~
~
~
~
~
~
~
~
~
~
~
~
~
~
~
~
~
~
~[0m[24;63H0,0-1[9CAll[1;1H[1;23r[1;1HM[1;24r[1;1Hcreating a save as.[24;1H[K[24;63H1,1[11CAll[1;1H[24;1H2 fewer lines; before #1  0 seconds ago[24;63H[K[1;1H[K[2;1H[1m~[0m[24;63H0,0-1[9CAll[1;1H[24;1H[1m-- INSERT --[0m[24;13H[K[24;63H0,1[11CAll[1;1HP[24;63H1,2[1;2Hu[24;65H3[1;3Hb[24;65H4[1;4Hl[24;65H5[1;5Hi[24;65H6[1;6Hc[24;65H7[1;7H[24;65H8[1;8Hc[24;65H9[1;9Hl[24;65H10[1;10Ha[24;66H1[1;11Hs[24;66H2[1;12Hs[24;66H3[1;13H[24;66H4[1;14HH[24;66H5[1;15He[24;66H6[1;16Hl[24;66H7[1;17Hl[24;66H8[1;18Ho[24;66H9[1;19HW[24;65H20[1;20Ho[24;66H1[1;21Hr[24;66H2[1;22Hl[24;66H3[1;23Hd[24;66H4[1;24H([24;66H5[1;25H[1;24H[K[24;66H4[1;24H{[24;66H5[1;25H[2;1H[K[24;63H2,1 [2;1H}[24;65H2[2;2H[24;65H1[2;1H[2;1H[K[3;1H}[24;63H3[3;1H[24;63H2[2;1H[24;65H2-9[2;9Hp[24;65H3-10[2;10Hu[24;65H4-11[2;11Hb[24;65H5-12[2;12Hl[24;65H6-13[2;13Hi[24;65H7-14[2;14Hc[24;65H8-15[2;15H[24;65H9-16[2;16Hs[24;65H10-17[2;17Ht[24;66H1-18[2;18Ha[24;66H2-19[2;19Ht[24;66H3-20[2;20Hi[24;66H4-21[2;21Hc[24;66H5-22[2;22H[24;66H6-23[2;23Hv[24;66H7-24[2;24Ho[24;66H8-25[2;25Hi[24;66H9-26[2;26Hd[24;65H20-27[2;27H[24;66H1-28[2;28Hm[24;66H2-29[2;29Ha[24;66H3-30[2;30Hi[24;66H4-31[2;31Hn[24;66H5-32[2;32H([24;66H6-33[2;33HS[24;66H7-34[2;34Ht[24;66H8-35[2;35Hr[24;66H9-36[2;36Hi[24;65H30-37[2;37Hn[24;66H1-38[2;38Hg[24;66H2-39[2;39H[24;66H3-40[2;40Ha[24;66H4-41[2;41Hr[24;66H5-42[2;42Hg[24;66H6-43[2;43Hs[24;66H7-44[2;44H[[24;66H8-45[2;45H][24;66H9-46[2;46H)[24;65H40-47[2;47H{[24;66H1-48[2;48H[3;23r[3;1HM[1;24r[24;63H[K[24;63H3,1[11CAll[3;1H[24;65H2-9[3;9H}[24;65H3-10[3;10H[4;23r[4;1HM[1;24r[24;63H[K[24;63H4,1[11CAll[4;1H[3;23r[23;1H
[1;24r[3;9H}[23;1H[1m~[0m[24;63H[K[24;63H3,3-10[8CAll[3;10H[24;65H2-9 [3;9H[4;23r[4;1HM[1;24r[3;9H[K[4;1H}[24;63H[K[24;63H4,1[11CAll[4;1H [7C}[24;65H2-9[4;9H[24;63H3[3;9H[24;63H2[2;9H[24;63H1,9  [1;9H[24;65H10[1;10H[24;66H1[1;11H[24;66H2[1;12H[24;66H3[1;13H[24;66H4[1;14H[24;66H5[1;15H[24;66H6[1;16H[24;66H7[1;17H[24;66H8[1;18H[24;66H9[1;19H[24;65H20[1;20H[24;66H1[1;21H[24;66H2[1;22H[24;66H3[1;23H[24;66H4[1;24H[24;66H3[1;23H[24;66H2[1;22H[24;66H1[1;21H[24;66H0[1;20H[24;65H19[1;19H[24;66H8[1;18H[24;66H7[1;17H[24;66H6[1;16H[24;66H5[1;15H[24;66H4[1;14H[24;66H3[1;13H[24;66H2[1;12H[24;66H1[1;11H[24;66H0[1;10H[24;65H9 [1;9H[24;65H8[1;8H[24;65H7[1;7H[24;65H6[1;6H[24;65H5[1;5H[24;65H4[1;4H[24;65H3[1;3H[24;65H2[1;2H[24;65H1[1;1H[2;23r[2;1HM[1;24r[1;1H[K[2;1HPublic class HelloWorld{[24;63H[K[24;63H2,1[11CAll[2;1H[24;63H1[1;1H/[24;65H2[1;2H/[24;65H3[1;3HT[24;65H4[1;4Hh[24;65H5[1;5Hi[24;65H6[1;6Hs[24;65H7[1;7H[24;65H8[1;8Hi[24;65H9[1;9Hs[24;65H10[1;10H[24;66H1[1;11Hj[24;66H2[1;12Hu[24;66H3[1;13Hs[24;66H4[1;14Ht[24;66H5[1;15H[24;66H6[1;16Ha[24;66H7[1;17H[24;66H8[1;18Hp[24;66H9[1;19Hr[24;65H20[1;20Ho[24;66H1[1;21Hg[24;66H2[1;22Hr[24;66H3[1;23Ha[24;66H4[1;24Hm[24;66H5[1;25H[24;66H6[1;26Ht[24;66H7[1;27Ho[24;66H8[1;28H[24;66H9[1;29Hp[24;65H30[1;30Hr[24;66H1[1;31Hi[24;66H2[1;32Hn[24;66H3[1;33Ht[24;66H4[1;34H[24;66H5[1;35Hh[24;66H6[1;36He[24;66H7[1;37Hl[24;66H8[1;38Hl[24;66H9[1;39Ho[24;65H40[1;40H[24;66H1[1;41Hw[24;66H2[1;42Ho[24;66H3[1;43Hr[24;66H4[1;44Hl[24;66H5[1;45Hd[24;66H6[1;46H[24;1H[K[1;45H[24;63H1,45[10CAll[1;45H[24;63H[K[24;1H:wq"HelloWorld.java" [New] 6L, 119C written[?1l>
[aprevil@sol25 task1]$ git add .
[aprevil@sol25 task1]$ git commit _[K-m "w[Ktemplate for java[K[K[K[K[K[K[K[K[K[K[K[K[K[K[K[K[Ktemplate f[K[K syntax for hello world program"
[main e84d211] template syntax for hello world program
 1 file changed, 6 insertions(+)
 create mode 100644 Lab6/task1/HelloWorld.java
[aprevil@sol25 task1]$ vim HelloWorld.java
[?1h=[1;24r[m[m[0m[H[J[24;1H"HelloWorld.java" 6L, 119C[1;1H//This is just a program to print hello world
Public class HelloWorld{[3;9Hpublic static void main(String args[]){[5;9H}
}
[1m~
~
~
~
~
~
~
~
~
~
~
~
~
~
~
~
~[0m[24;63H1,1[11CAll[1;1H[24;63H2[2;1H[24;63H3,1-8[3;8H[24;63H4[4;8H[24;1H[1m-- INSERT --[0m[24;13H[K[24;63H4,1[11CAll[4;1H[24;65H2-9[4;9H[24;65H3-17[4;17HS[24;65H4-18[4;18Hy[24;65H5-19[4;19Hs[24;65H6-20[4;20Ht[24;65H7-21[4;21He[24;65H8-22[4;22Hm[24;65H9-23[4;23H.[24;65H10-24[4;24Ho[24;66H1-25[4;25Hu[24;66H2-26[4;26Ht[24;66H3-27[4;27H.[24;66H4-28[4;28Hp[24;66H5-29[4;29Hr[24;66H6-30[4;30Hi[24;66H7-31[4;31Hn[24;66H8-32[4;32Ht[24;66H9-33[4;33Hl[24;65H20-34[4;34Hn[24;66H1-35[4;35H([24;66H2-36[4;36H"[24;66H3-37[4;37Hh[24;66H4-38[4;38He[24;66H5-39[4;39Hl[24;66H6-40[4;40Hl[24;66H7-41[4;41Ho[24;66H8-42[4;42H [24;66H7-41[4;41H [24;66H6-40[4;40H [24;66H5-39[4;39H [24;66H4-38[4;38H [24;66H3-37[4;37HH[24;66H4-38[4;38He[24;66H5-39[4;39Hl[24;66H6-40[4;40Hl[24;66H7-41[4;41Ho[24;66H8-42[4;42H[24;66H9-43[4;43Hw[24;65H30-44[4;44Ho[24;66H1-45[4;45Hr[24;66H2-46[4;46Hl[24;66H3-47[4;47Hd[24;66H4-48[4;48H![24;66H5-49[4;49H"[24;66H6-50[4;50H)[24;66H7-51[4;51H;[24;66H8-52[4;52H[24;1H[K[4;51H[24;63H4,37-51[7CAll[4;51H[24;63H[K[24;1H:wq"HelloWorld.java" 6L, 156C written[?1l>
[aprevil@sol25 task1]$ git add .
[aprevil@sol25 task1]$ git commit -,[Km "added hello world print statement"
[main a209282] added hello world print statement
 1 file changed, 1 insertion(+), 1 deletion(-)
[aprevil@sol25 task1]$ git remote -v
origin	https://github.com/aprevil/3140-repo.git (fetch)
origin	https://github.com/aprevil/3140-repo.git (push)
[aprevil@sol25 task1]$ git checkout[K[K[K[K[K[K[K[Kbranch
* main
[aprevil@sol25 task1]$ git status
# On branch main
# Your branch is ahead of 'origin/main' by 2 commits.
#   (use "git push" to publish your local commits)
#
nothing to commit, working directory clean
[aprevil@sol25 task1]$ git push [K[K[K[K[K[K[K[K[Kcd ..
[aprevil@sol25 Lab6]$ cd ..
[aprevil@sol25 3140-repo]$ vim todo.md
[?1h=[1;24r[m[m[0m[H[J[24;1H"todo.md" [New File][2;1H[1m~
~
~
~
~
~
~
~
~
~
~
~
~
~
~
~
~
~
~
~
~
~[0m[24;63H0,0-1[9CAll[1;1H[24;1H[K[24;1H:!q:!q[?1l>[24;1H
/bin/bash: q: command not found

shell returned 127
[?1h=[24;1H
[7mPress ENTER or type command to continue[m[m[0m[H[J[2;1H[1m~
~
~
~
~
~
~
~
~
~
~
~
~
~
~
~
~
~
~
~
~
~[0m[24;63H0,0-1[9CAll[1;1H[24;63H[K[24;1H:q[?1l>[24;1H[K[24;1H[aprevil@sol25 3140-repo]$ ls
CHANGELOG  [0m[01;34mLab0[0m  [01;34mLab1[0m  [01;34mLab2[0m  [01;34mLab3[0m  [01;34mLab4[0m  [01;34mLab5[0m  [01;34mLab6[0m  README.md  TODO.md
[aprevil@sol25 3140-repo]$ vim TODO.md
[?1h=[1;24r[m[m[0m[H[J[24;1H"TODO.md" 13L, 141C[1;1H# To Do List for all tasks

---

- [x] Lab 0
- [x] Lab 1
- [x] Lab 2
- [x] Lab 3
- [x] Lab 4
- [x] Lab 5
- [ ] Lab 6
- [ ] Lab 7
- [ ] Lab 8
[1m~
~
~
~
~
~
~
~
~
~[0m[24;63H1,1[11CAll[1;1H[24;1H[1m-- INSERT --[0m[24;13H[K[24;63H1,1[11CAll[1;1H[24;63H2[2;1H[24;63H3[3;1H[24;63H4[4;1H[24;63H5[5;1H[24;63H6[6;1H[24;63H7[7;1H[24;63H8[8;1H[24;63H9[9;1H[24;63H10,1[10;1H[24;64H1[11;1H[24;66H2[11;2H[24;66H3[11;3H[24;66H4[11;4H[24;66H5[11;5H[24;66H4[11;4H[24;1H[K[11;3H[24;63H11,3[10CAll[11;3H[24;63H[K[24;1H:q[?1l>[24;1H[K[24;1H[aprevil@sol25 3140-repo]$ ls
CHANGELOG  [0m[01;34mLab0[0m  [01;34mLab1[0m  [01;34mLab2[0m  [01;34mLab3[0m  [01;34mLab4[0m  [01;34mLab5[0m  [01;34mLab6[0m  README.md  TODO.md
[aprevil@sol25 3140-repo]$ vim CHANGELOG
[?1h=[1;24r[m[m[0m[H[J[24;1H"CHANGELOG" [noeol] 18L, 319C[1;1H2/3/21:
    -added info to README
    -created TODO file
2/12/21:
    -created lab 1 folder
    -updated TODO
2/22/21:
    -created lab 2 folder
    -updated TODO
3/1/21:
    -created lab 3 folder
    -updated TODO
3/7/21:
    -created lab 4 folder
    -updated TODO
3/14/21:
    -created lab 5 folder
    -updated TODO
[1m~
~
~
~
~[0m[24;63H1,1[11CAll[1;1H[24;1H[1m-- INSERT --[0m[24;13H[K[24;63H1,1[11CAll[1;1H[24;63H2[2;1H[24;63H3[3;1H[24;63H4[4;1H[24;63H5[5;1H[24;63H6[6;1H[24;63H7[7;1H[24;63H8[8;1H[24;63H9[9;1H[24;63H10,1[10;1H[24;64H1[11;1H[24;64H2[12;1H[24;64H3[13;1H[24;64H4[14;1H[24;64H5[15;1H[24;64H6[16;1H[24;64H7[17;1H[24;64H8[18;1H[24;66H2[18;2H[24;66H3[18;3H[24;66H4[18;4H[24;66H5[18;5H[24;66H6[18;6H[24;66H7[18;7H[24;66H8[18;8H[24;66H9[18;9H[24;66H10[18;10H[24;67H1[18;11H[24;67H2[18;12H[24;67H3[18;13H[24;67H4[18;14H[24;67H5[18;15H[24;67H6[18;16H[24;67H7[18;17H[24;67H8[18;18H[19;1H[K[24;64H9,1 [19;1H3[24;66H2[19;2H/[24;66H3[19;3H2[24;66H4[19;4H1[24;66H5[19;5H/[24;66H6[19;6H2[24;66H7[19;7H1[24;66H8[19;8H:[24;66H9[19;9H[20;1H[K[24;63H20,1[20;1H[24;66H2-9[20;9H[24;66H1  [20;1H[24;66H2[20;2H[24;66H1[20;1H[24;66H2-9[20;9H[24;66H1  [20;1H[24;66H2[20;2H[24;66H3[20;3H[24;66H4[20;4H[24;66H5[20;5H-[24;66H6[20;6H[24;66H7[20;7Ha[24;66H8[20;8H[20;7H[K[24;66H7[20;7H[24;66H6[20;6Hc[24;66H7[20;7Hr[24;66H8[20;8He[24;66H9[20;9Ha[24;66H10[20;10Ht[24;67H1[20;11He[24;67H2[20;12Hd[24;67H3[20;13H[24;67H4[20;14Hl[24;67H5[20;15Ha[24;67H6[20;16Hb[24;67H7[20;17H[24;67H8[20;18H6[24;67H9[20;19H[24;66H20[20;20Hf[24;67H1[20;21Ho[24;67H2[20;22Hl[24;67H3[20;23Hd[24;67H4[20;24He[24;67H5[20;25Hr[24;67H6[20;26H[24;1H[K[20;25H[24;63H20,25[9CAll[20;25H[24;63H[K[24;1H:wq"CHANGELOG" 20L, 355C written[?1l>
[aprevil@sol25 3140-repo]$ git add .
[aprevil@sol25 3140-repo]$ git commit -m,[K changlog[K[K[Kelog
[main 5ee8b30] changelog
 1 file changed, 3 insertions(+), 1 deletion(-)
[aprevil@sol25 3140-repo]$ git status
# On branch main
# Your branch is ahead of 'origin/main' by 3 commits.
#   (use "git push" to publish your local commits)
#
nothing to commit, working directory clean
[aprevil@sol25 3140-repo]$ git push origin main
Username for 'https://github.com': aprevil
Password for 'https://aprevil@github.com': 
Counting objects: 15, done.
Delta compression using up to 8 threads.
Compressing objects:  11% (1/9)   Compressing objects:  22% (2/9)   Compressing objects:  33% (3/9)   Compressing objects:  44% (4/9)   Compressing objects:  55% (5/9)   Compressing objects:  66% (6/9)   Compressing objects:  77% (7/9)   Compressing objects:  88% (8/9)   Compressing objects: 100% (9/9)   Compressing objects: 100% (9/9), done.
Writing objects:   7% (1/13)   Writing objects:  15% (2/13)   Writing objects:  23% (3/13)   Writing objects:  30% (4/13)   Writing objects:  38% (5/13)   Writing objects:  46% (6/13)   Writing objects:  53% (7/13)   Writing objects:  61% (8/13)   Writing objects:  69% (9/13)   Writing objects:  76% (10/13)   Writing objects:  84% (11/13)   Writing objects:  92% (12/13)   Writing objects: 100% (13/13)   Writing objects: 100% (13/13), 1.17 KiB | 0 bytes/s, done.
Total 13 (delta 5), reused 0 (delta 0)
remote: Resolving deltas:   0% (0/5)[Kremote: Resolving deltas:  20% (1/5)[Kremote: Resolving deltas:  40% (2/5)[Kremote: Resolving deltas:  60% (3/5)[Kremote: Resolving deltas:  80% (4/5)[Kremote: Resolving deltas: 100% (5/5)[Kremote: Resolving deltas: 100% (5/5), completed with 2 local objects.[K
To https://github.com/aprevil/3140-repo.git
   8d0a148..5ee8b30  main -> main
[aprevil@sol25 3140-repo]$ exit
exit

Script done on Sun 21 Mar 2021 10:41:51 PM EDT
